running develop
running egg_info
creating turtle_py.egg-info
writing turtle_py.egg-info/PKG-INFO
writing dependency_links to turtle_py.egg-info/dependency_links.txt
writing entry points to turtle_py.egg-info/entry_points.txt
writing requirements to turtle_py.egg-info/requires.txt
writing top-level names to turtle_py.egg-info/top_level.txt
writing manifest file 'turtle_py.egg-info/SOURCES.txt'
reading manifest file 'turtle_py.egg-info/SOURCES.txt'
writing manifest file 'turtle_py.egg-info/SOURCES.txt'
running build_ext
Creating /home/pa2/git/physicalai-lv1-assignments/lv1-2/ros2_ws/install/turtle_py/lib/python3.10/site-packages/turtle-py.egg-link (link to .)

Installed /home/pa2/git/physicalai-lv1-assignments/lv1-2/ros2_ws/build/turtle_py
running symlink_data
creating /home/pa2/git/physicalai-lv1-assignments/lv1-2/ros2_ws/install/turtle_py/share/ament_index
creating /home/pa2/git/physicalai-lv1-assignments/lv1-2/ros2_ws/install/turtle_py/share/ament_index/resource_index
creating /home/pa2/git/physicalai-lv1-assignments/lv1-2/ros2_ws/install/turtle_py/share/ament_index/resource_index/packages
symbolically linking /home/pa2/git/physicalai-lv1-assignments/lv1-2/ros2_ws/build/turtle_py/resource/turtle_py -> /home/pa2/git/physicalai-lv1-assignments/lv1-2/ros2_ws/install/turtle_py/share/ament_index/resource_index/packages
symbolically linking /home/pa2/git/physicalai-lv1-assignments/lv1-2/ros2_ws/build/turtle_py/package.xml -> /home/pa2/git/physicalai-lv1-assignments/lv1-2/ros2_ws/install/turtle_py/share/turtle_py
